seed=42 method=pooled round=1/30 full_test=0.4400 seconds=1.32
seed=42 method=pooled round=2/30 full_test=0.5079 seconds=1.01
seed=42 method=pooled round=3/30 full_test=0.5320 seconds=0.96
seed=42 method=pooled round=4/30 full_test=0.5378 seconds=0.93
seed=42 method=pooled round=5/30 full_test=0.5474 seconds=1.01
seed=42 method=pooled round=6/30 full_test=0.5528 seconds=0.96
seed=42 method=pooled round=7/30 full_test=0.5513 seconds=1.02
seed=42 method=pooled round=8/30 full_test=0.5598 seconds=1.09
seed=42 method=pooled round=9/30 full_test=0.5633 seconds=1.04
seed=42 method=pooled round=10/30 full_test=0.5607 seconds=1.04
seed=42 method=pooled round=11/30 full_test=0.5641 seconds=1.05
seed=42 method=pooled round=12/30 full_test=0.5612 seconds=1.01
seed=42 method=pooled round=13/30 full_test=0.5715 seconds=1.02
seed=42 method=pooled round=14/30 full_test=0.5708 seconds=0.93
seed=42 method=pooled round=15/30 full_test=0.5732 seconds=0.93
seed=42 method=pooled round=16/30 full_test=0.5724 seconds=1.01
seed=42 method=pooled round=17/30 full_test=0.5694 seconds=1.05
seed=42 method=pooled round=18/30 full_test=0.5733 seconds=0.98
seed=42 method=pooled round=19/30 full_test=0.5727 seconds=0.93
seed=42 method=pooled round=20/30 full_test=0.5712 seconds=0.93
seed=42 method=pooled round=21/30 full_test=0.5773 seconds=0.97
seed=42 method=pooled round=22/30 full_test=0.5730 seconds=1.00
seed=42 method=pooled round=23/30 full_test=0.5773 seconds=1.03
seed=42 method=pooled round=24/30 full_test=0.5740 seconds=0.93
seed=42 method=pooled round=25/30 full_test=0.5714 seconds=0.93
seed=42 method=pooled round=26/30 full_test=0.5780 seconds=0.98
seed=42 method=pooled round=27/30 full_test=0.5755 seconds=0.96
seed=42 method=pooled round=28/30 full_test=0.5774 seconds=1.00
seed=42 method=pooled round=29/30 full_test=0.5764 seconds=0.96
seed=42 method=pooled round=30/30 full_test=0.5780 seconds=0.98
seed=42 method=pooled_reset round=1/30 full_test=0.4400 seconds=0.96
seed=42 method=pooled_reset round=2/30 full_test=0.5038 seconds=0.98
seed=42 method=pooled_reset round=3/30 full_test=0.5294 seconds=0.93
seed=42 method=pooled_reset round=4/30 full_test=0.5353 seconds=0.93
seed=42 method=pooled_reset round=5/30 full_test=0.5451 seconds=0.93
seed=42 method=pooled_reset round=6/30 full_test=0.5509 seconds=0.93
seed=42 method=pooled_reset round=7/30 full_test=0.5495 seconds=0.93
seed=42 method=pooled_reset round=8/30 full_test=0.5589 seconds=0.93
seed=42 method=pooled_reset round=9/30 full_test=0.5633 seconds=0.93
seed=42 method=pooled_reset round=10/30 full_test=0.5585 seconds=0.93
seed=42 method=pooled_reset round=11/30 full_test=0.5627 seconds=0.93
seed=42 method=pooled_reset round=12/30 full_test=0.5601 seconds=0.93
seed=42 method=pooled_reset round=13/30 full_test=0.5696 seconds=0.99
seed=42 method=pooled_reset round=14/30 full_test=0.5704 seconds=1.00
seed=42 method=pooled_reset round=15/30 full_test=0.5728 seconds=1.01
seed=42 method=pooled_reset round=16/30 full_test=0.5728 seconds=1.04
seed=42 method=pooled_reset round=17/30 full_test=0.5701 seconds=1.00
seed=42 method=pooled_reset round=18/30 full_test=0.5727 seconds=1.06
seed=42 method=pooled_reset round=19/30 full_test=0.5723 seconds=0.97
seed=42 method=pooled_reset round=20/30 full_test=0.5729 seconds=0.97
seed=42 method=pooled_reset round=21/30 full_test=0.5775 seconds=0.97
seed=42 method=pooled_reset round=22/30 full_test=0.5731 seconds=0.97
seed=42 method=pooled_reset round=23/30 full_test=0.5769 seconds=0.97
seed=42 method=pooled_reset round=24/30 full_test=0.5733 seconds=0.97
seed=42 method=pooled_reset round=25/30 full_test=0.5723 seconds=0.99
seed=42 method=pooled_reset round=26/30 full_test=0.5784 seconds=0.99
seed=42 method=pooled_reset round=27/30 full_test=0.5745 seconds=0.93
seed=42 method=pooled_reset round=28/30 full_test=0.5774 seconds=0.94
seed=42 method=pooled_reset round=29/30 full_test=0.5764 seconds=1.01
seed=42 method=pooled_reset round=30/30 full_test=0.5791 seconds=1.00
seed=42 method=fedavg16 round=1/30 full_test=0.0152 seconds=1.18
seed=42 method=fedavg16 round=2/30 full_test=0.0139 seconds=1.12
seed=42 method=fedavg16 round=3/30 full_test=0.0132 seconds=1.13
seed=42 method=fedavg16 round=4/30 full_test=0.0169 seconds=1.13
seed=42 method=fedavg16 round=5/30 full_test=0.0208 seconds=1.14
seed=42 method=fedavg16 round=6/30 full_test=0.0301 seconds=1.12
seed=42 method=fedavg16 round=7/30 full_test=0.0456 seconds=1.15
seed=42 method=fedavg16 round=8/30 full_test=0.0597 seconds=1.15
seed=42 method=fedavg16 round=9/30 full_test=0.0748 seconds=1.12
seed=42 method=fedavg16 round=10/30 full_test=0.0808 seconds=1.20
seed=42 method=fedavg16 round=11/30 full_test=0.0917 seconds=1.20
seed=42 method=fedavg16 round=12/30 full_test=0.1022 seconds=1.22
seed=42 method=fedavg16 round=13/30 full_test=0.1116 seconds=1.17
seed=42 method=fedavg16 round=14/30 full_test=0.1190 seconds=1.17
seed=42 method=fedavg16 round=15/30 full_test=0.1231 seconds=1.19
seed=42 method=fedavg16 round=16/30 full_test=0.1311 seconds=1.18
seed=42 method=fedavg16 round=17/30 full_test=0.1370 seconds=1.21
seed=42 method=fedavg16 round=18/30 full_test=0.1483 seconds=1.17
seed=42 method=fedavg16 round=19/30 full_test=0.1586 seconds=1.23
seed=42 method=fedavg16 round=20/30 full_test=0.1594 seconds=1.20
seed=42 method=fedavg16 round=21/30 full_test=0.1638 seconds=1.19
seed=42 method=fedavg16 round=22/30 full_test=0.1685 seconds=1.17
seed=42 method=fedavg16 round=23/30 full_test=0.1773 seconds=1.21
seed=42 method=fedavg16 round=24/30 full_test=0.1839 seconds=1.18
seed=42 method=fedavg16 round=25/30 full_test=0.1896 seconds=1.15
seed=42 method=fedavg16 round=26/30 full_test=0.1968 seconds=1.13
seed=42 method=fedavg16 round=27/30 full_test=0.1989 seconds=1.21
seed=42 method=fedavg16 round=28/30 full_test=0.2031 seconds=1.22
seed=42 method=fedavg16 round=29/30 full_test=0.2038 seconds=1.18
seed=42 method=fedavg16 round=30/30 full_test=0.2056 seconds=1.18
seed=42 method=mh16 round=1/30 full_test=0.0153 seconds=1.20
seed=42 method=mh16 round=2/30 full_test=0.0156 seconds=1.20
seed=42 method=mh16 round=3/30 full_test=0.0239 seconds=1.23
seed=42 method=mh16 round=4/30 full_test=0.0295 seconds=1.15
seed=42 method=mh16 round=5/30 full_test=0.0369 seconds=1.26
seed=42 method=mh16 round=6/30 full_test=0.0427 seconds=1.16
seed=42 method=mh16 round=7/30 full_test=0.0446 seconds=1.34
seed=42 method=mh16 round=8/30 full_test=0.0464 seconds=1.26
seed=42 method=mh16 round=9/30 full_test=0.0481 seconds=1.23
seed=42 method=mh16 round=10/30 full_test=0.0514 seconds=1.30
seed=42 method=mh16 round=11/30 full_test=0.0544 seconds=1.21
seed=42 method=mh16 round=12/30 full_test=0.0559 seconds=1.21
seed=42 method=mh16 round=13/30 full_test=0.0571 seconds=1.18
seed=42 method=mh16 round=14/30 full_test=0.0610 seconds=1.21
seed=42 method=mh16 round=15/30 full_test=0.0635 seconds=1.21
seed=42 method=mh16 round=16/30 full_test=0.0665 seconds=1.16
seed=42 method=mh16 round=17/30 full_test=0.0685 seconds=1.24
seed=42 method=mh16 round=18/30 full_test=0.0729 seconds=1.24
seed=42 method=mh16 round=19/30 full_test=0.0746 seconds=1.24
seed=42 method=mh16 round=20/30 full_test=0.0760 seconds=1.26
seed=42 method=mh16 round=21/30 full_test=0.0780 seconds=1.32
seed=42 method=mh16 round=22/30 full_test=0.0805 seconds=1.29
seed=42 method=mh16 round=23/30 full_test=0.0832 seconds=1.24
seed=42 method=mh16 round=24/30 full_test=0.0876 seconds=1.31
seed=42 method=mh16 round=25/30 full_test=0.0884 seconds=1.28
seed=42 method=mh16 round=26/30 full_test=0.0920 seconds=1.23
seed=42 method=mh16 round=27/30 full_test=0.0940 seconds=1.24
seed=42 method=mh16 round=28/30 full_test=0.0958 seconds=1.24
seed=42 method=mh16 round=29/30 full_test=0.0961 seconds=1.21
seed=42 method=mh16 round=30/30 full_test=0.1001 seconds=1.15
seed=42 method=mh_sample round=1/30 full_test=0.0151 seconds=1.30
seed=42 method=mh_sample round=2/30 full_test=0.0157 seconds=1.18
seed=42 method=mh_sample round=3/30 full_test=0.0224 seconds=1.19
seed=42 method=mh_sample round=4/30 full_test=0.0271 seconds=1.20
seed=42 method=mh_sample round=5/30 full_test=0.0288 seconds=1.21
seed=42 method=mh_sample round=6/30 full_test=0.0336 seconds=1.21
seed=42 method=mh_sample round=7/30 full_test=0.0379 seconds=1.22
seed=42 method=mh_sample round=8/30 full_test=0.0405 seconds=1.18
seed=42 method=mh_sample round=9/30 full_test=0.0436 seconds=1.25
seed=42 method=mh_sample round=10/30 full_test=0.0454 seconds=1.23
seed=42 method=mh_sample round=11/30 full_test=0.0483 seconds=1.22
seed=42 method=mh_sample round=12/30 full_test=0.0488 seconds=1.23
seed=42 method=mh_sample round=13/30 full_test=0.0507 seconds=1.24
seed=42 method=mh_sample round=14/30 full_test=0.0538 seconds=1.21
seed=42 method=mh_sample round=15/30 full_test=0.0565 seconds=1.22
seed=42 method=mh_sample round=16/30 full_test=0.0585 seconds=1.21
seed=42 method=mh_sample round=17/30 full_test=0.0608 seconds=1.21
seed=42 method=mh_sample round=18/30 full_test=0.0610 seconds=1.21
seed=42 method=mh_sample round=19/30 full_test=0.0613 seconds=1.21
seed=42 method=mh_sample round=20/30 full_test=0.0621 seconds=1.20
seed=42 method=mh_sample round=21/30 full_test=0.0632 seconds=1.21
seed=42 method=mh_sample round=22/30 full_test=0.0637 seconds=1.20
seed=42 method=mh_sample round=23/30 full_test=0.0633 seconds=1.20
seed=42 method=mh_sample round=24/30 full_test=0.0660 seconds=1.21
seed=42 method=mh_sample round=25/30 full_test=0.0659 seconds=1.21
seed=42 method=mh_sample round=26/30 full_test=0.0666 seconds=1.20
seed=42 method=mh_sample round=27/30 full_test=0.0687 seconds=1.21
seed=42 method=mh_sample round=28/30 full_test=0.0660 seconds=1.21
seed=42 method=mh_sample round=29/30 full_test=0.0700 seconds=1.21
seed=42 method=mh_sample round=30/30 full_test=0.0705 seconds=1.20
seed=42 method=fixed_quality round=1/30 full_test=0.0155 seconds=1.21
seed=42 method=fixed_quality round=2/30 full_test=0.0157 seconds=1.22
seed=42 method=fixed_quality round=3/30 full_test=0.0219 seconds=1.23
seed=42 method=fixed_quality round=4/30 full_test=0.0292 seconds=1.23
seed=42 method=fixed_quality round=5/30 full_test=0.0362 seconds=1.19
seed=42 method=fixed_quality round=6/30 full_test=0.0414 seconds=1.22
seed=42 method=fixed_quality round=7/30 full_test=0.0441 seconds=1.13
seed=42 method=fixed_quality round=8/30 full_test=0.0468 seconds=1.13
seed=42 method=fixed_quality round=9/30 full_test=0.0516 seconds=1.14
seed=42 method=fixed_quality round=10/30 full_test=0.0625 seconds=1.12
seed=42 method=fixed_quality round=11/30 full_test=0.0676 seconds=1.13
seed=42 method=fixed_quality round=12/30 full_test=0.0736 seconds=1.18
seed=42 method=fixed_quality round=13/30 full_test=0.0764 seconds=1.12
seed=42 method=fixed_quality round=14/30 full_test=0.0786 seconds=1.08
seed=42 method=fixed_quality round=15/30 full_test=0.0848 seconds=1.15
seed=42 method=fixed_quality round=16/30 full_test=0.0887 seconds=1.15
seed=42 method=fixed_quality round=17/30 full_test=0.0910 seconds=1.18
seed=42 method=fixed_quality round=18/30 full_test=0.0949 seconds=1.15
seed=42 method=fixed_quality round=19/30 full_test=0.0957 seconds=1.13
seed=42 method=fixed_quality round=20/30 full_test=0.0966 seconds=1.25
seed=42 method=fixed_quality round=21/30 full_test=0.0981 seconds=1.12
seed=42 method=fixed_quality round=22/30 full_test=0.0977 seconds=1.10
seed=42 method=fixed_quality round=23/30 full_test=0.0977 seconds=1.14
seed=42 method=fixed_quality round=24/30 full_test=0.1000 seconds=1.13
seed=42 method=fixed_quality round=25/30 full_test=0.1014 seconds=1.12
seed=42 method=fixed_quality round=26/30 full_test=0.1055 seconds=1.19
seed=42 method=fixed_quality round=27/30 full_test=0.1081 seconds=1.20
seed=42 method=fixed_quality round=28/30 full_test=0.1122 seconds=1.20
seed=42 method=fixed_quality round=29/30 full_test=0.1107 seconds=1.18
seed=42 method=fixed_quality round=30/30 full_test=0.1152 seconds=1.22
seed=42 method=fixed_domain round=1/30 full_test=0.0155 seconds=1.59
seed=42 method=fixed_domain round=2/30 full_test=0.0162 seconds=1.56
seed=42 method=fixed_domain round=3/30 full_test=0.0214 seconds=1.63
seed=42 method=fixed_domain round=4/30 full_test=0.0302 seconds=1.50
seed=42 method=fixed_domain round=5/30 full_test=0.0349 seconds=1.60
seed=42 method=fixed_domain round=6/30 full_test=0.0387 seconds=1.56
seed=42 method=fixed_domain round=7/30 full_test=0.0423 seconds=1.58
seed=42 method=fixed_domain round=8/30 full_test=0.0464 seconds=1.56
seed=42 method=fixed_domain round=9/30 full_test=0.0495 seconds=1.58
seed=42 method=fixed_domain round=10/30 full_test=0.0556 seconds=1.77
seed=42 method=fixed_domain round=11/30 full_test=0.0623 seconds=1.57
seed=42 method=fixed_domain round=12/30 full_test=0.0675 seconds=1.66
seed=42 method=fixed_domain round=13/30 full_test=0.0741 seconds=1.55
seed=42 method=fixed_domain round=14/30 full_test=0.0769 seconds=1.55
seed=42 method=fixed_domain round=15/30 full_test=0.0797 seconds=1.54
seed=42 method=fixed_domain round=16/30 full_test=0.0837 seconds=1.52
seed=42 method=fixed_domain round=17/30 full_test=0.0854 seconds=1.68
seed=42 method=fixed_domain round=18/30 full_test=0.0863 seconds=1.63
seed=42 method=fixed_domain round=19/30 full_test=0.0850 seconds=1.49
seed=42 method=fixed_domain round=20/30 full_test=0.0874 seconds=1.67
seed=42 method=fixed_domain round=21/30 full_test=0.0912 seconds=1.56
seed=42 method=fixed_domain round=22/30 full_test=0.0891 seconds=1.65
seed=42 method=fixed_domain round=23/30 full_test=0.0930 seconds=1.84
seed=42 method=fixed_domain round=24/30 full_test=0.0977 seconds=1.68
seed=42 method=fixed_domain round=25/30 full_test=0.0982 seconds=1.67
seed=42 method=fixed_domain round=26/30 full_test=0.1062 seconds=1.66
seed=42 method=fixed_domain round=27/30 full_test=0.1116 seconds=1.82
seed=42 method=fixed_domain round=28/30 full_test=0.1170 seconds=1.78
seed=42 method=fixed_domain round=29/30 full_test=0.1154 seconds=1.62
seed=42 method=fixed_domain round=30/30 full_test=0.1204 seconds=1.63
seed=42 method=adaptive_quality round=1/30 full_test=0.0155 seconds=1.21
seed=42 method=adaptive_quality round=2/30 full_test=0.0157 seconds=1.31
seed=42 method=adaptive_quality round=3/30 full_test=0.0219 seconds=1.24
seed=42 method=adaptive_quality round=4/30 full_test=0.0265 seconds=1.27
seed=42 method=adaptive_quality round=5/30 full_test=0.0308 seconds=1.30
seed=42 method=adaptive_quality round=6/30 full_test=0.0309 seconds=1.31
seed=42 method=adaptive_quality round=7/30 full_test=0.0347 seconds=1.25
seed=42 method=adaptive_quality round=8/30 full_test=0.0382 seconds=1.26
seed=42 method=adaptive_quality round=9/30 full_test=0.0387 seconds=1.28
seed=42 method=adaptive_quality round=10/30 full_test=0.0419 seconds=1.25
seed=42 method=adaptive_quality round=11/30 full_test=0.0450 seconds=1.27
seed=42 method=adaptive_quality round=12/30 full_test=0.0461 seconds=1.28
seed=42 method=adaptive_quality round=13/30 full_test=0.0473 seconds=1.26
seed=42 method=adaptive_quality round=14/30 full_test=0.0491 seconds=1.36
seed=42 method=adaptive_quality round=15/30 full_test=0.0519 seconds=1.29
seed=42 method=adaptive_quality round=16/30 full_test=0.0538 seconds=1.28
seed=42 method=adaptive_quality round=17/30 full_test=0.0548 seconds=1.29
seed=42 method=adaptive_quality round=18/30 full_test=0.0530 seconds=1.31
seed=42 method=adaptive_quality round=19/30 full_test=0.0563 seconds=1.34
seed=42 method=adaptive_quality round=20/30 full_test=0.0582 seconds=1.35
seed=42 method=adaptive_quality round=21/30 full_test=0.0551 seconds=1.35
seed=42 method=adaptive_quality round=22/30 full_test=0.0564 seconds=1.40
seed=42 method=adaptive_quality round=23/30 full_test=0.0585 seconds=1.29
seed=42 method=adaptive_quality round=24/30 full_test=0.0570 seconds=1.26
seed=42 method=adaptive_quality round=25/30 full_test=0.0614 seconds=1.29
seed=42 method=adaptive_quality round=26/30 full_test=0.0645 seconds=1.20
seed=42 method=adaptive_quality round=27/30 full_test=0.0603 seconds=1.21
seed=42 method=adaptive_quality round=28/30 full_test=0.0625 seconds=1.20
seed=42 method=adaptive_quality round=29/30 full_test=0.0634 seconds=1.23
seed=42 method=adaptive_quality round=30/30 full_test=0.0631 seconds=1.19
seed=42 method=adaptive_domain round=1/30 full_test=0.0155 seconds=1.76
seed=42 method=adaptive_domain round=2/30 full_test=0.0162 seconds=1.60
seed=42 method=adaptive_domain round=3/30 full_test=0.0214 seconds=1.73
seed=42 method=adaptive_domain round=4/30 full_test=0.0259 seconds=1.66
seed=42 method=adaptive_domain round=5/30 full_test=0.0304 seconds=1.73
seed=42 method=adaptive_domain round=6/30 full_test=0.0303 seconds=1.74
seed=42 method=adaptive_domain round=7/30 full_test=0.0334 seconds=1.74
seed=42 method=adaptive_domain round=8/30 full_test=0.0377 seconds=1.59
seed=42 method=adaptive_domain round=9/30 full_test=0.0407 seconds=1.63
seed=42 method=adaptive_domain round=10/30 full_test=0.0452 seconds=1.60
seed=42 method=adaptive_domain round=11/30 full_test=0.0472 seconds=1.74
seed=42 method=adaptive_domain round=12/30 full_test=0.0490 seconds=1.79
seed=42 method=adaptive_domain round=13/30 full_test=0.0511 seconds=1.96
seed=42 method=adaptive_domain round=14/30 full_test=0.0505 seconds=1.58
seed=42 method=adaptive_domain round=15/30 full_test=0.0551 seconds=1.58
seed=42 method=adaptive_domain round=16/30 full_test=0.0554 seconds=1.60
seed=42 method=adaptive_domain round=17/30 full_test=0.0561 seconds=1.56
seed=42 method=adaptive_domain round=18/30 full_test=0.0579 seconds=1.70
seed=42 method=adaptive_domain round=19/30 full_test=0.0603 seconds=1.61
seed=42 method=adaptive_domain round=20/30 full_test=0.0610 seconds=1.65
seed=42 method=adaptive_domain round=21/30 full_test=0.0612 seconds=1.63
seed=42 method=adaptive_domain round=22/30 full_test=0.0658 seconds=1.66
seed=42 method=adaptive_domain round=23/30 full_test=0.0631 seconds=1.61
seed=42 method=adaptive_domain round=24/30 full_test=0.0615 seconds=1.66
seed=42 method=adaptive_domain round=25/30 full_test=0.0640 seconds=1.66
seed=42 method=adaptive_domain round=26/30 full_test=0.0650 seconds=1.61
seed=42 method=adaptive_domain round=27/30 full_test=0.0654 seconds=1.70
seed=42 method=adaptive_domain round=28/30 full_test=0.0644 seconds=1.65
seed=42 method=adaptive_domain round=29/30 full_test=0.0637 seconds=1.67
seed=42 method=adaptive_domain round=30/30 full_test=0.0653 seconds=1.66
seed=43 method=pooled round=1/30 full_test=0.4400 seconds=0.97
seed=43 method=pooled round=2/30 full_test=0.5035 seconds=0.97
seed=43 method=pooled round=3/30 full_test=0.5199 seconds=0.97
seed=43 method=pooled round=4/30 full_test=0.5347 seconds=0.97
seed=43 method=pooled round=5/30 full_test=0.5427 seconds=0.97
seed=43 method=pooled round=6/30 full_test=0.5424 seconds=0.98
seed=43 method=pooled round=7/30 full_test=0.5502 seconds=0.94
seed=43 method=pooled round=8/30 full_test=0.5562 seconds=1.07
seed=43 method=pooled round=9/30 full_test=0.5520 seconds=1.04
seed=43 method=pooled round=10/30 full_test=0.5601 seconds=0.94
seed=43 method=pooled round=11/30 full_test=0.5595 seconds=0.98
seed=43 method=pooled round=12/30 full_test=0.5640 seconds=1.01
seed=43 method=pooled round=13/30 full_test=0.5654 seconds=0.97
seed=43 method=pooled round=14/30 full_test=0.5650 seconds=1.03
seed=43 method=pooled round=15/30 full_test=0.5679 seconds=0.97
seed=43 method=pooled round=16/30 full_test=0.5658 seconds=0.98
seed=43 method=pooled round=17/30 full_test=0.5676 seconds=1.00
seed=43 method=pooled round=18/30 full_test=0.5673 seconds=0.94
seed=43 method=pooled round=19/30 full_test=0.5755 seconds=0.96
seed=43 method=pooled round=20/30 full_test=0.5657 seconds=0.97
seed=43 method=pooled round=21/30 full_test=0.5697 seconds=1.01
seed=43 method=pooled round=22/30 full_test=0.5691 seconds=1.06
seed=43 method=pooled round=23/30 full_test=0.5759 seconds=1.05
seed=43 method=pooled round=24/30 full_test=0.5748 seconds=1.02
seed=43 method=pooled round=25/30 full_test=0.5710 seconds=1.04
seed=43 method=pooled round=26/30 full_test=0.5721 seconds=1.06
seed=43 method=pooled round=27/30 full_test=0.5748 seconds=1.01
seed=43 method=pooled round=28/30 full_test=0.5734 seconds=1.05
seed=43 method=pooled round=29/30 full_test=0.5729 seconds=0.97
seed=43 method=pooled round=30/30 full_test=0.5663 seconds=0.97
seed=43 method=pooled_reset round=1/30 full_test=0.4400 seconds=0.96
seed=43 method=pooled_reset round=2/30 full_test=0.5015 seconds=0.94
seed=43 method=pooled_reset round=3/30 full_test=0.5171 seconds=0.98
seed=43 method=pooled_reset round=4/30 full_test=0.5312 seconds=0.97
seed=43 method=pooled_reset round=5/30 full_test=0.5391 seconds=0.94
seed=43 method=pooled_reset round=6/30 full_test=0.5414 seconds=1.00
seed=43 method=pooled_reset round=7/30 full_test=0.5485 seconds=0.94
seed=43 method=pooled_reset round=8/30 full_test=0.5547 seconds=0.93
seed=43 method=pooled_reset round=9/30 full_test=0.5488 seconds=0.93
seed=43 method=pooled_reset round=10/30 full_test=0.5576 seconds=0.93
seed=43 method=pooled_reset round=11/30 full_test=0.5587 seconds=0.93
seed=43 method=pooled_reset round=12/30 full_test=0.5629 seconds=0.93
seed=43 method=pooled_reset round=13/30 full_test=0.5637 seconds=0.93
seed=43 method=pooled_reset round=14/30 full_test=0.5660 seconds=0.93
seed=43 method=pooled_reset round=15/30 full_test=0.5668 seconds=0.93
seed=43 method=pooled_reset round=16/30 full_test=0.5653 seconds=1.00
seed=43 method=pooled_reset round=17/30 full_test=0.5677 seconds=0.93
seed=43 method=pooled_reset round=18/30 full_test=0.5669 seconds=0.97
seed=43 method=pooled_reset round=19/30 full_test=0.5746 seconds=1.04
seed=43 method=pooled_reset round=20/30 full_test=0.5643 seconds=0.97
seed=43 method=pooled_reset round=21/30 full_test=0.5703 seconds=1.00
seed=43 method=pooled_reset round=22/30 full_test=0.5719 seconds=0.96
seed=43 method=pooled_reset round=23/30 full_test=0.5757 seconds=0.94
seed=43 method=pooled_reset round=24/30 full_test=0.5740 seconds=0.99
seed=43 method=pooled_reset round=25/30 full_test=0.5700 seconds=1.00
seed=43 method=pooled_reset round=26/30 full_test=0.5720 seconds=1.04
seed=43 method=pooled_reset round=27/30 full_test=0.5751 seconds=1.08
seed=43 method=pooled_reset round=28/30 full_test=0.5729 seconds=1.02
seed=43 method=pooled_reset round=29/30 full_test=0.5743 seconds=0.98
seed=43 method=pooled_reset round=30/30 full_test=0.5660 seconds=0.93
seed=43 method=fedavg16 round=1/30 full_test=0.0088 seconds=1.23
seed=43 method=fedavg16 round=2/30 full_test=0.0096 seconds=1.18
seed=43 method=fedavg16 round=3/30 full_test=0.0140 seconds=1.18
seed=43 method=fedavg16 round=4/30 full_test=0.0196 seconds=1.24
seed=43 method=fedavg16 round=5/30 full_test=0.0303 seconds=1.18
seed=43 method=fedavg16 round=6/30 full_test=0.0489 seconds=1.21
seed=43 method=fedavg16 round=7/30 full_test=0.0622 seconds=1.19
seed=43 method=fedavg16 round=8/30 full_test=0.0791 seconds=1.18
seed=43 method=fedavg16 round=9/30 full_test=0.0865 seconds=1.19
seed=43 method=fedavg16 round=10/30 full_test=0.0975 seconds=1.14
seed=43 method=fedavg16 round=11/30 full_test=0.1147 seconds=1.15
seed=43 method=fedavg16 round=12/30 full_test=0.1187 seconds=1.20
seed=43 method=fedavg16 round=13/30 full_test=0.1279 seconds=1.19
seed=43 method=fedavg16 round=14/30 full_test=0.1341 seconds=1.10
seed=43 method=fedavg16 round=15/30 full_test=0.1383 seconds=1.09
seed=43 method=fedavg16 round=16/30 full_test=0.1459 seconds=1.09
seed=43 method=fedavg16 round=17/30 full_test=0.1528 seconds=1.20
seed=43 method=fedavg16 round=18/30 full_test=0.1570 seconds=1.29
seed=43 method=fedavg16 round=19/30 full_test=0.1581 seconds=1.20
seed=43 method=fedavg16 round=20/30 full_test=0.1668 seconds=1.18
seed=43 method=fedavg16 round=21/30 full_test=0.1726 seconds=1.18
seed=43 method=fedavg16 round=22/30 full_test=0.1765 seconds=1.17
seed=43 method=fedavg16 round=23/30 full_test=0.1781 seconds=1.18
seed=43 method=fedavg16 round=24/30 full_test=0.1820 seconds=1.17
seed=43 method=fedavg16 round=25/30 full_test=0.1854 seconds=1.15
seed=43 method=fedavg16 round=26/30 full_test=0.1911 seconds=1.15
seed=43 method=fedavg16 round=27/30 full_test=0.1982 seconds=1.18
seed=43 method=fedavg16 round=28/30 full_test=0.2009 seconds=1.18
seed=43 method=fedavg16 round=29/30 full_test=0.1982 seconds=1.17
seed=43 method=fedavg16 round=30/30 full_test=0.1989 seconds=1.18
seed=43 method=mh16 round=1/30 full_test=0.0088 seconds=1.19
seed=43 method=mh16 round=2/30 full_test=0.0149 seconds=1.17
seed=43 method=mh16 round=3/30 full_test=0.0230 seconds=1.15
seed=43 method=mh16 round=4/30 full_test=0.0378 seconds=1.18
seed=43 method=mh16 round=5/30 full_test=0.0503 seconds=1.17
seed=43 method=mh16 round=6/30 full_test=0.0630 seconds=1.20
seed=43 method=mh16 round=7/30 full_test=0.0762 seconds=1.18
seed=43 method=mh16 round=8/30 full_test=0.0799 seconds=1.20
seed=43 method=mh16 round=9/30 full_test=0.0911 seconds=1.20
seed=43 method=mh16 round=10/30 full_test=0.0981 seconds=1.20
seed=43 method=mh16 round=11/30 full_test=0.1018 seconds=1.20
seed=43 method=mh16 round=12/30 full_test=0.1080 seconds=1.21
seed=43 method=mh16 round=13/30 full_test=0.1147 seconds=1.21
seed=43 method=mh16 round=14/30 full_test=0.1290 seconds=1.21
seed=43 method=mh16 round=15/30 full_test=0.1335 seconds=1.21
seed=43 method=mh16 round=16/30 full_test=0.1390 seconds=1.19
seed=43 method=mh16 round=17/30 full_test=0.1431 seconds=1.20
seed=43 method=mh16 round=18/30 full_test=0.1454 seconds=1.21
seed=43 method=mh16 round=19/30 full_test=0.1429 seconds=1.14
seed=43 method=mh16 round=20/30 full_test=0.1462 seconds=1.16
seed=43 method=mh16 round=21/30 full_test=0.1528 seconds=1.15
seed=43 method=mh16 round=22/30 full_test=0.1547 seconds=1.15
seed=43 method=mh16 round=23/30 full_test=0.1571 seconds=1.14
seed=43 method=mh16 round=24/30 full_test=0.1590 seconds=1.21
seed=43 method=mh16 round=25/30 full_test=0.1631 seconds=1.18
seed=43 method=mh16 round=26/30 full_test=0.1622 seconds=1.18
seed=43 method=mh16 round=27/30 full_test=0.1620 seconds=1.18
seed=43 method=mh16 round=28/30 full_test=0.1671 seconds=1.17
seed=43 method=mh16 round=29/30 full_test=0.1654 seconds=1.20
seed=43 method=mh16 round=30/30 full_test=0.1672 seconds=1.18
seed=43 method=mh_sample round=1/30 full_test=0.0090 seconds=1.18
seed=43 method=mh_sample round=2/30 full_test=0.0137 seconds=1.21
seed=43 method=mh_sample round=3/30 full_test=0.0202 seconds=1.19
seed=43 method=mh_sample round=4/30 full_test=0.0291 seconds=1.19
seed=43 method=mh_sample round=5/30 full_test=0.0334 seconds=1.19
seed=43 method=mh_sample round=6/30 full_test=0.0407 seconds=1.22
seed=43 method=mh_sample round=7/30 full_test=0.0457 seconds=1.17
seed=43 method=mh_sample round=8/30 full_test=0.0502 seconds=1.19
seed=43 method=mh_sample round=9/30 full_test=0.0549 seconds=1.23
seed=43 method=mh_sample round=10/30 full_test=0.0585 seconds=1.20
seed=43 method=mh_sample round=11/30 full_test=0.0583 seconds=1.19
seed=43 method=mh_sample round=12/30 full_test=0.0604 seconds=1.16
seed=43 method=mh_sample round=13/30 full_test=0.0614 seconds=1.14
seed=43 method=mh_sample round=14/30 full_test=0.0643 seconds=1.23
seed=43 method=mh_sample round=15/30 full_test=0.0661 seconds=1.10
seed=43 method=mh_sample round=16/30 full_test=0.0677 seconds=1.19
seed=43 method=mh_sample round=17/30 full_test=0.0672 seconds=1.25
seed=43 method=mh_sample round=18/30 full_test=0.0701 seconds=1.18
seed=43 method=mh_sample round=19/30 full_test=0.0723 seconds=1.20
seed=43 method=mh_sample round=20/30 full_test=0.0754 seconds=1.18
seed=43 method=mh_sample round=21/30 full_test=0.0772 seconds=1.13
seed=43 method=mh_sample round=22/30 full_test=0.0820 seconds=1.23
seed=43 method=mh_sample round=23/30 full_test=0.0849 seconds=1.24
seed=43 method=mh_sample round=24/30 full_test=0.0822 seconds=1.25
seed=43 method=mh_sample round=25/30 full_test=0.0850 seconds=1.26
seed=43 method=mh_sample round=26/30 full_test=0.0839 seconds=1.20
seed=43 method=mh_sample round=27/30 full_test=0.0866 seconds=1.20
seed=43 method=mh_sample round=28/30 full_test=0.0867 seconds=1.19
seed=43 method=mh_sample round=29/30 full_test=0.0879 seconds=1.20
seed=43 method=mh_sample round=30/30 full_test=0.0861 seconds=1.25
seed=43 method=fixed_quality round=1/30 full_test=0.0093 seconds=1.25
seed=43 method=fixed_quality round=2/30 full_test=0.0164 seconds=1.17
seed=43 method=fixed_quality round=3/30 full_test=0.0300 seconds=1.18
seed=43 method=fixed_quality round=4/30 full_test=0.0413 seconds=1.15
seed=43 method=fixed_quality round=5/30 full_test=0.0439 seconds=1.20
seed=43 method=fixed_quality round=6/30 full_test=0.0520 seconds=1.14
seed=43 method=fixed_quality round=7/30 full_test=0.0595 seconds=1.17
seed=43 method=fixed_quality round=8/30 full_test=0.0647 seconds=1.15
seed=43 method=fixed_quality round=9/30 full_test=0.0701 seconds=1.14
seed=43 method=fixed_quality round=10/30 full_test=0.0726 seconds=1.15
seed=43 method=fixed_quality round=11/30 full_test=0.0734 seconds=1.28
seed=43 method=fixed_quality round=12/30 full_test=0.0796 seconds=1.25
seed=43 method=fixed_quality round=13/30 full_test=0.0817 seconds=1.24
seed=43 method=fixed_quality round=14/30 full_test=0.0896 seconds=1.24
seed=43 method=fixed_quality round=15/30 full_test=0.0960 seconds=1.24
seed=43 method=fixed_quality round=16/30 full_test=0.0990 seconds=1.26
seed=43 method=fixed_quality round=17/30 full_test=0.1010 seconds=1.27
seed=43 method=fixed_quality round=18/30 full_test=0.1047 seconds=1.24
seed=43 method=fixed_quality round=19/30 full_test=0.1071 seconds=1.23
seed=43 method=fixed_quality round=20/30 full_test=0.1077 seconds=1.24
seed=43 method=fixed_quality round=21/30 full_test=0.1053 seconds=1.30
seed=43 method=fixed_quality round=22/30 full_test=0.1044 seconds=1.18
seed=43 method=fixed_quality round=23/30 full_test=0.1085 seconds=1.28
seed=43 method=fixed_quality round=24/30 full_test=0.1060 seconds=1.26
seed=43 method=fixed_quality round=25/30 full_test=0.1088 seconds=1.21
seed=43 method=fixed_quality round=26/30 full_test=0.1034 seconds=1.26
seed=43 method=fixed_quality round=27/30 full_test=0.1052 seconds=1.23
seed=43 method=fixed_quality round=28/30 full_test=0.1051 seconds=1.25
seed=43 method=fixed_quality round=29/30 full_test=0.1074 seconds=1.21
seed=43 method=fixed_quality round=30/30 full_test=0.1037 seconds=1.22
seed=43 method=fixed_domain round=1/30 full_test=0.0097 seconds=1.71
seed=43 method=fixed_domain round=2/30 full_test=0.0203 seconds=1.68
seed=43 method=fixed_domain round=3/30 full_test=0.0377 seconds=1.59
seed=43 method=fixed_domain round=4/30 full_test=0.0480 seconds=1.51
seed=43 method=fixed_domain round=5/30 full_test=0.0479 seconds=1.51
seed=43 method=fixed_domain round=6/30 full_test=0.0549 seconds=1.65
seed=43 method=fixed_domain round=7/30 full_test=0.0623 seconds=1.57
seed=43 method=fixed_domain round=8/30 full_test=0.0683 seconds=1.77
seed=43 method=fixed_domain round=9/30 full_test=0.0735 seconds=1.57
seed=43 method=fixed_domain round=10/30 full_test=0.0753 seconds=1.85
seed=43 method=fixed_domain round=11/30 full_test=0.0791 seconds=1.84
seed=43 method=fixed_domain round=12/30 full_test=0.0836 seconds=1.70
seed=43 method=fixed_domain round=13/30 full_test=0.0860 seconds=1.61
seed=43 method=fixed_domain round=14/30 full_test=0.0943 seconds=1.62
seed=43 method=fixed_domain round=15/30 full_test=0.0991 seconds=1.73
seed=43 method=fixed_domain round=16/30 full_test=0.1021 seconds=1.63
seed=43 method=fixed_domain round=17/30 full_test=0.1056 seconds=1.68
seed=43 method=fixed_domain round=18/30 full_test=0.1097 seconds=1.63
seed=43 method=fixed_domain round=19/30 full_test=0.1126 seconds=1.65
seed=43 method=fixed_domain round=20/30 full_test=0.1111 seconds=1.60
seed=43 method=fixed_domain round=21/30 full_test=0.1139 seconds=1.67
seed=43 method=fixed_domain round=22/30 full_test=0.1121 seconds=1.62
seed=43 method=fixed_domain round=23/30 full_test=0.1165 seconds=1.69
seed=43 method=fixed_domain round=24/30 full_test=0.1153 seconds=1.55
seed=43 method=fixed_domain round=25/30 full_test=0.1169 seconds=1.53
seed=43 method=fixed_domain round=26/30 full_test=0.1164 seconds=1.74
seed=43 method=fixed_domain round=27/30 full_test=0.1142 seconds=1.65
seed=43 method=fixed_domain round=28/30 full_test=0.1160 seconds=1.44
seed=43 method=fixed_domain round=29/30 full_test=0.1167 seconds=1.52
seed=43 method=fixed_domain round=30/30 full_test=0.1184 seconds=1.60
seed=43 method=adaptive_quality round=1/30 full_test=0.0093 seconds=1.26
seed=43 method=adaptive_quality round=2/30 full_test=0.0164 seconds=1.32
seed=43 method=adaptive_quality round=3/30 full_test=0.0300 seconds=1.31
seed=43 method=adaptive_quality round=4/30 full_test=0.0418 seconds=1.38
seed=43 method=adaptive_quality round=5/30 full_test=0.0440 seconds=1.32
seed=43 method=adaptive_quality round=6/30 full_test=0.0415 seconds=1.41
seed=43 method=adaptive_quality round=7/30 full_test=0.0427 seconds=1.31
seed=43 method=adaptive_quality round=8/30 full_test=0.0465 seconds=1.30
seed=43 method=adaptive_quality round=9/30 full_test=0.0480 seconds=1.32
seed=43 method=adaptive_quality round=10/30 full_test=0.0508 seconds=1.33
seed=43 method=adaptive_quality round=11/30 full_test=0.0533 seconds=1.30
seed=43 method=adaptive_quality round=12/30 full_test=0.0561 seconds=1.39
seed=43 method=adaptive_quality round=13/30 full_test=0.0620 seconds=1.28
seed=43 method=adaptive_quality round=14/30 full_test=0.0630 seconds=1.27
seed=43 method=adaptive_quality round=15/30 full_test=0.0649 seconds=1.25
seed=43 method=adaptive_quality round=16/30 full_test=0.0690 seconds=1.28
seed=43 method=adaptive_quality round=17/30 full_test=0.0704 seconds=1.26
seed=43 method=adaptive_quality round=18/30 full_test=0.0745 seconds=1.29
seed=43 method=adaptive_quality round=19/30 full_test=0.0768 seconds=1.27
seed=43 method=adaptive_quality round=20/30 full_test=0.0764 seconds=1.25
seed=43 method=adaptive_quality round=21/30 full_test=0.0760 seconds=1.30
seed=43 method=adaptive_quality round=22/30 full_test=0.0788 seconds=1.26
seed=43 method=adaptive_quality round=23/30 full_test=0.0791 seconds=1.36
seed=43 method=adaptive_quality round=24/30 full_test=0.0803 seconds=1.24
seed=43 method=adaptive_quality round=25/30 full_test=0.0814 seconds=1.25
seed=43 method=adaptive_quality round=26/30 full_test=0.0789 seconds=1.31
seed=43 method=adaptive_quality round=27/30 full_test=0.0813 seconds=1.25
seed=43 method=adaptive_quality round=28/30 full_test=0.0825 seconds=1.26
seed=43 method=adaptive_quality round=29/30 full_test=0.0839 seconds=1.27
seed=43 method=adaptive_quality round=30/30 full_test=0.0823 seconds=1.21
seed=43 method=adaptive_domain round=1/30 full_test=0.0097 seconds=1.81
seed=43 method=adaptive_domain round=2/30 full_test=0.0203 seconds=1.59
seed=43 method=adaptive_domain round=3/30 full_test=0.0377 seconds=1.88
seed=43 method=adaptive_domain round=4/30 full_test=0.0503 seconds=1.85
seed=43 method=adaptive_domain round=5/30 full_test=0.0517 seconds=1.67
seed=43 method=adaptive_domain round=6/30 full_test=0.0424 seconds=1.74
seed=43 method=adaptive_domain round=7/30 full_test=0.0439 seconds=1.60
seed=43 method=adaptive_domain round=8/30 full_test=0.0490 seconds=1.62
seed=43 method=adaptive_domain round=9/30 full_test=0.0537 seconds=1.69
seed=43 method=adaptive_domain round=10/30 full_test=0.0580 seconds=1.79
seed=43 method=adaptive_domain round=11/30 full_test=0.0598 seconds=1.62
seed=43 method=adaptive_domain round=12/30 full_test=0.0629 seconds=1.70
seed=43 method=adaptive_domain round=13/30 full_test=0.0707 seconds=1.60
seed=43 method=adaptive_domain round=14/30 full_test=0.0732 seconds=1.58
seed=43 method=adaptive_domain round=15/30 full_test=0.0780 seconds=1.71
seed=43 method=adaptive_domain round=16/30 full_test=0.0841 seconds=1.76
seed=43 method=adaptive_domain round=17/30 full_test=0.0866 seconds=1.68
seed=43 method=adaptive_domain round=18/30 full_test=0.0896 seconds=1.83
seed=43 method=adaptive_domain round=19/30 full_test=0.0918 seconds=1.77
seed=43 method=adaptive_domain round=20/30 full_test=0.0914 seconds=1.84
seed=43 method=adaptive_domain round=21/30 full_test=0.0898 seconds=1.73
seed=43 method=adaptive_domain round=22/30 full_test=0.0927 seconds=1.99
seed=43 method=adaptive_domain round=23/30 full_test=0.0906 seconds=1.89
seed=43 method=adaptive_domain round=24/30 full_test=0.0909 seconds=1.80
seed=43 method=adaptive_domain round=25/30 full_test=0.0908 seconds=1.79
seed=43 method=adaptive_domain round=26/30 full_test=0.0877 seconds=1.98
seed=43 method=adaptive_domain round=27/30 full_test=0.0901 seconds=1.66
seed=43 method=adaptive_domain round=28/30 full_test=0.0895 seconds=1.93
seed=43 method=adaptive_domain round=29/30 full_test=0.0913 seconds=1.79
seed=43 method=adaptive_domain round=30/30 full_test=0.0909 seconds=1.84
seed=44 method=pooled round=1/30 full_test=0.4278 seconds=0.95
seed=44 method=pooled round=2/30 full_test=0.4931 seconds=1.06
seed=44 method=pooled round=3/30 full_test=0.5200 seconds=1.04
seed=44 method=pooled round=4/30 full_test=0.5290 seconds=1.01
seed=44 method=pooled round=5/30 full_test=0.5426 seconds=1.05
seed=44 method=pooled round=6/30 full_test=0.5487 seconds=1.01
seed=44 method=pooled round=7/30 full_test=0.5490 seconds=1.06
seed=44 method=pooled round=8/30 full_test=0.5514 seconds=1.01
seed=44 method=pooled round=9/30 full_test=0.5565 seconds=1.01
seed=44 method=pooled round=10/30 full_test=0.5587 seconds=1.03
seed=44 method=pooled round=11/30 full_test=0.5589 seconds=0.97
seed=44 method=pooled round=12/30 full_test=0.5621 seconds=0.97
seed=44 method=pooled round=13/30 full_test=0.5602 seconds=0.97
seed=44 method=pooled round=14/30 full_test=0.5644 seconds=1.00
seed=44 method=pooled round=15/30 full_test=0.5680 seconds=0.94
seed=44 method=pooled round=16/30 full_test=0.5670 seconds=0.95
seed=44 method=pooled round=17/30 full_test=0.5711 seconds=0.94
seed=44 method=pooled round=18/30 full_test=0.5655 seconds=0.94
seed=44 method=pooled round=19/30 full_test=0.5687 seconds=0.98
seed=44 method=pooled round=20/30 full_test=0.5704 seconds=0.95
seed=44 method=pooled round=21/30 full_test=0.5660 seconds=1.00
seed=44 method=pooled round=22/30 full_test=0.5712 seconds=1.00
seed=44 method=pooled round=23/30 full_test=0.5726 seconds=0.95
seed=44 method=pooled round=24/30 full_test=0.5719 seconds=1.00
seed=44 method=pooled round=25/30 full_test=0.5733 seconds=0.97
seed=44 method=pooled round=26/30 full_test=0.5726 seconds=0.97
seed=44 method=pooled round=27/30 full_test=0.5712 seconds=0.96
seed=44 method=pooled round=28/30 full_test=0.5744 seconds=0.93
seed=44 method=pooled round=29/30 full_test=0.5732 seconds=0.98
seed=44 method=pooled round=30/30 full_test=0.5725 seconds=0.96
seed=44 method=pooled_reset round=1/30 full_test=0.4278 seconds=1.03
seed=44 method=pooled_reset round=2/30 full_test=0.4904 seconds=0.94
seed=44 method=pooled_reset round=3/30 full_test=0.5180 seconds=0.98
seed=44 method=pooled_reset round=4/30 full_test=0.5258 seconds=0.95
seed=44 method=pooled_reset round=5/30 full_test=0.5377 seconds=0.95
seed=44 method=pooled_reset round=6/30 full_test=0.5476 seconds=0.98
seed=44 method=pooled_reset round=7/30 full_test=0.5470 seconds=0.97
seed=44 method=pooled_reset round=8/30 full_test=0.5511 seconds=0.96
seed=44 method=pooled_reset round=9/30 full_test=0.5549 seconds=0.97
seed=44 method=pooled_reset round=10/30 full_test=0.5568 seconds=0.96
seed=44 method=pooled_reset round=11/30 full_test=0.5572 seconds=0.97
seed=44 method=pooled_reset round=12/30 full_test=0.5625 seconds=1.04
seed=44 method=pooled_reset round=13/30 full_test=0.5580 seconds=1.01
seed=44 method=pooled_reset round=14/30 full_test=0.5644 seconds=1.04
seed=44 method=pooled_reset round=15/30 full_test=0.5663 seconds=0.94
seed=44 method=pooled_reset round=16/30 full_test=0.5657 seconds=0.94
seed=44 method=pooled_reset round=17/30 full_test=0.5703 seconds=0.95
seed=44 method=pooled_reset round=18/30 full_test=0.5636 seconds=0.99
seed=44 method=pooled_reset round=19/30 full_test=0.5679 seconds=0.97
seed=44 method=pooled_reset round=20/30 full_test=0.5674 seconds=0.97
seed=44 method=pooled_reset round=21/30 full_test=0.5650 seconds=0.97
seed=44 method=pooled_reset round=22/30 full_test=0.5709 seconds=0.96
seed=44 method=pooled_reset round=23/30 full_test=0.5730 seconds=0.96
seed=44 method=pooled_reset round=24/30 full_test=0.5725 seconds=0.96
seed=44 method=pooled_reset round=25/30 full_test=0.5728 seconds=0.96
seed=44 method=pooled_reset round=26/30 full_test=0.5731 seconds=0.96
seed=44 method=pooled_reset round=27/30 full_test=0.5715 seconds=0.97
seed=44 method=pooled_reset round=28/30 full_test=0.5748 seconds=1.04
seed=44 method=pooled_reset round=29/30 full_test=0.5726 seconds=0.98
seed=44 method=pooled_reset round=30/30 full_test=0.5725 seconds=0.94
seed=44 method=fedavg16 round=1/30 full_test=0.0069 seconds=1.20
seed=44 method=fedavg16 round=2/30 full_test=0.0086 seconds=1.22
seed=44 method=fedavg16 round=3/30 full_test=0.0100 seconds=1.17
seed=44 method=fedavg16 round=4/30 full_test=0.0139 seconds=1.15
seed=44 method=fedavg16 round=5/30 full_test=0.0220 seconds=1.12
seed=44 method=fedavg16 round=6/30 full_test=0.0336 seconds=1.13
seed=44 method=fedavg16 round=7/30 full_test=0.0544 seconds=1.13
seed=44 method=fedavg16 round=8/30 full_test=0.0707 seconds=1.11
seed=44 method=fedavg16 round=9/30 full_test=0.0875 seconds=1.12
seed=44 method=fedavg16 round=10/30 full_test=0.0969 seconds=1.13
seed=44 method=fedavg16 round=11/30 full_test=0.1077 seconds=1.19
seed=44 method=fedavg16 round=12/30 full_test=0.1314 seconds=1.13
seed=44 method=fedavg16 round=13/30 full_test=0.1368 seconds=1.13
seed=44 method=fedavg16 round=14/30 full_test=0.1433 seconds=1.16
seed=44 method=fedavg16 round=15/30 full_test=0.1471 seconds=1.12
seed=44 method=fedavg16 round=16/30 full_test=0.1549 seconds=1.13
seed=44 method=fedavg16 round=17/30 full_test=0.1574 seconds=1.13
seed=44 method=fedavg16 round=18/30 full_test=0.1613 seconds=1.12
seed=44 method=fedavg16 round=19/30 full_test=0.1683 seconds=1.13
seed=44 method=fedavg16 round=20/30 full_test=0.1713 seconds=1.12
seed=44 method=fedavg16 round=21/30 full_test=0.1755 seconds=1.11
seed=44 method=fedavg16 round=22/30 full_test=0.1738 seconds=1.14
seed=44 method=fedavg16 round=23/30 full_test=0.1755 seconds=1.17
seed=44 method=fedavg16 round=24/30 full_test=0.1792 seconds=1.18
seed=44 method=fedavg16 round=25/30 full_test=0.1754 seconds=1.19
seed=44 method=fedavg16 round=26/30 full_test=0.1767 seconds=1.18
seed=44 method=fedavg16 round=27/30 full_test=0.1784 seconds=1.18
seed=44 method=fedavg16 round=28/30 full_test=0.1850 seconds=1.14
seed=44 method=fedavg16 round=29/30 full_test=0.1899 seconds=1.13
seed=44 method=fedavg16 round=30/30 full_test=0.1972 seconds=1.13
seed=44 method=mh16 round=1/30 full_test=0.0069 seconds=1.23
seed=44 method=mh16 round=2/30 full_test=0.0096 seconds=1.12
seed=44 method=mh16 round=3/30 full_test=0.0193 seconds=1.10
seed=44 method=mh16 round=4/30 full_test=0.0302 seconds=1.20
seed=44 method=mh16 round=5/30 full_test=0.0396 seconds=1.15
seed=44 method=mh16 round=6/30 full_test=0.0510 seconds=1.21
seed=44 method=mh16 round=7/30 full_test=0.0602 seconds=1.20
seed=44 method=mh16 round=8/30 full_test=0.0692 seconds=1.19
seed=44 method=mh16 round=9/30 full_test=0.0721 seconds=1.19
seed=44 method=mh16 round=10/30 full_test=0.0778 seconds=1.15
seed=44 method=mh16 round=11/30 full_test=0.0811 seconds=1.08
seed=44 method=mh16 round=12/30 full_test=0.0859 seconds=1.09
seed=44 method=mh16 round=13/30 full_test=0.0882 seconds=1.13
seed=44 method=mh16 round=14/30 full_test=0.0915 seconds=1.15
seed=44 method=mh16 round=15/30 full_test=0.0914 seconds=1.15
seed=44 method=mh16 round=16/30 full_test=0.0936 seconds=1.20
seed=44 method=mh16 round=17/30 full_test=0.0945 seconds=1.22
seed=44 method=mh16 round=18/30 full_test=0.0964 seconds=1.18
seed=44 method=mh16 round=19/30 full_test=0.0977 seconds=1.13
seed=44 method=mh16 round=20/30 full_test=0.0980 seconds=1.13
seed=44 method=mh16 round=21/30 full_test=0.0986 seconds=1.12
seed=44 method=mh16 round=22/30 full_test=0.1034 seconds=1.17
seed=44 method=mh16 round=23/30 full_test=0.1056 seconds=1.12
seed=44 method=mh16 round=24/30 full_test=0.1098 seconds=1.17
seed=44 method=mh16 round=25/30 full_test=0.1119 seconds=1.17
seed=44 method=mh16 round=26/30 full_test=0.1112 seconds=1.23
seed=44 method=mh16 round=27/30 full_test=0.1105 seconds=1.18
seed=44 method=mh16 round=28/30 full_test=0.1120 seconds=1.19
seed=44 method=mh16 round=29/30 full_test=0.1124 seconds=1.20
seed=44 method=mh16 round=30/30 full_test=0.1133 seconds=1.22
seed=44 method=mh_sample round=1/30 full_test=0.0069 seconds=1.19
seed=44 method=mh_sample round=2/30 full_test=0.0109 seconds=1.23
seed=44 method=mh_sample round=3/30 full_test=0.0185 seconds=1.23
seed=44 method=mh_sample round=4/30 full_test=0.0244 seconds=1.26
seed=44 method=mh_sample round=5/30 full_test=0.0294 seconds=1.22
seed=44 method=mh_sample round=6/30 full_test=0.0353 seconds=1.23
seed=44 method=mh_sample round=7/30 full_test=0.0420 seconds=1.19
seed=44 method=mh_sample round=8/30 full_test=0.0482 seconds=1.18
seed=44 method=mh_sample round=9/30 full_test=0.0501 seconds=1.18
seed=44 method=mh_sample round=10/30 full_test=0.0529 seconds=1.18
seed=44 method=mh_sample round=11/30 full_test=0.0501 seconds=1.25
seed=44 method=mh_sample round=12/30 full_test=0.0528 seconds=1.27
seed=44 method=mh_sample round=13/30 full_test=0.0537 seconds=1.21
seed=44 method=mh_sample round=14/30 full_test=0.0557 seconds=1.22
seed=44 method=mh_sample round=15/30 full_test=0.0540 seconds=1.25
seed=44 method=mh_sample round=16/30 full_test=0.0548 seconds=1.27
seed=44 method=mh_sample round=17/30 full_test=0.0549 seconds=1.29
seed=44 method=mh_sample round=18/30 full_test=0.0593 seconds=1.26
seed=44 method=mh_sample round=19/30 full_test=0.0592 seconds=1.22
seed=44 method=mh_sample round=20/30 full_test=0.0601 seconds=1.22
seed=44 method=mh_sample round=21/30 full_test=0.0602 seconds=1.24
seed=44 method=mh_sample round=22/30 full_test=0.0640 seconds=1.22
seed=44 method=mh_sample round=23/30 full_test=0.0658 seconds=1.26
seed=44 method=mh_sample round=24/30 full_test=0.0658 seconds=1.23
seed=44 method=mh_sample round=25/30 full_test=0.0683 seconds=1.24
seed=44 method=mh_sample round=26/30 full_test=0.0713 seconds=1.20
seed=44 method=mh_sample round=27/30 full_test=0.0709 seconds=1.20
seed=44 method=mh_sample round=28/30 full_test=0.0726 seconds=1.27
seed=44 method=mh_sample round=29/30 full_test=0.0740 seconds=1.24
seed=44 method=mh_sample round=30/30 full_test=0.0748 seconds=1.19
seed=44 method=fixed_quality round=1/30 full_test=0.0063 seconds=1.26
seed=44 method=fixed_quality round=2/30 full_test=0.0103 seconds=1.23
seed=44 method=fixed_quality round=3/30 full_test=0.0181 seconds=1.24
seed=44 method=fixed_quality round=4/30 full_test=0.0249 seconds=1.21
seed=44 method=fixed_quality round=5/30 full_test=0.0306 seconds=1.27
seed=44 method=fixed_quality round=6/30 full_test=0.0341 seconds=1.20
seed=44 method=fixed_quality round=7/30 full_test=0.0367 seconds=1.21
seed=44 method=fixed_quality round=8/30 full_test=0.0411 seconds=1.22
seed=44 method=fixed_quality round=9/30 full_test=0.0448 seconds=1.22
seed=44 method=fixed_quality round=10/30 full_test=0.0471 seconds=1.23
seed=44 method=fixed_quality round=11/30 full_test=0.0531 seconds=1.23
seed=44 method=fixed_quality round=12/30 full_test=0.0552 seconds=1.23
seed=44 method=fixed_quality round=13/30 full_test=0.0612 seconds=1.22
seed=44 method=fixed_quality round=14/30 full_test=0.0655 seconds=1.27
seed=44 method=fixed_quality round=15/30 full_test=0.0693 seconds=1.24
seed=44 method=fixed_quality round=16/30 full_test=0.0738 seconds=1.27
seed=44 method=fixed_quality round=17/30 full_test=0.0800 seconds=1.28
seed=44 method=fixed_quality round=18/30 full_test=0.0865 seconds=1.28
seed=44 method=fixed_quality round=19/30 full_test=0.0902 seconds=1.29
seed=44 method=fixed_quality round=20/30 full_test=0.0904 seconds=1.29
seed=44 method=fixed_quality round=21/30 full_test=0.0929 seconds=1.24
seed=44 method=fixed_quality round=22/30 full_test=0.0909 seconds=1.18
seed=44 method=fixed_quality round=23/30 full_test=0.0948 seconds=1.18
seed=44 method=fixed_quality round=24/30 full_test=0.0977 seconds=1.17
seed=44 method=fixed_quality round=25/30 full_test=0.0987 seconds=1.17
seed=44 method=fixed_quality round=26/30 full_test=0.0987 seconds=1.17
seed=44 method=fixed_quality round=27/30 full_test=0.1024 seconds=1.17
seed=44 method=fixed_quality round=28/30 full_test=0.1032 seconds=1.16
seed=44 method=fixed_quality round=29/30 full_test=0.1033 seconds=1.24
seed=44 method=fixed_quality round=30/30 full_test=0.1017 seconds=1.22
seed=44 method=fixed_domain round=1/30 full_test=0.0073 seconds=1.72
seed=44 method=fixed_domain round=2/30 full_test=0.0100 seconds=1.61
seed=44 method=fixed_domain round=3/30 full_test=0.0181 seconds=1.63
seed=44 method=fixed_domain round=4/30 full_test=0.0250 seconds=1.59
seed=44 method=fixed_domain round=5/30 full_test=0.0304 seconds=1.71
seed=44 method=fixed_domain round=6/30 full_test=0.0351 seconds=1.60
seed=44 method=fixed_domain round=7/30 full_test=0.0388 seconds=1.58
seed=44 method=fixed_domain round=8/30 full_test=0.0433 seconds=1.71
seed=44 method=fixed_domain round=9/30 full_test=0.0470 seconds=1.70
seed=44 method=fixed_domain round=10/30 full_test=0.0502 seconds=1.53
seed=44 method=fixed_domain round=11/30 full_test=0.0554 seconds=1.52
seed=44 method=fixed_domain round=12/30 full_test=0.0573 seconds=1.65
seed=44 method=fixed_domain round=13/30 full_test=0.0594 seconds=1.52
seed=44 method=fixed_domain round=14/30 full_test=0.0631 seconds=1.60
seed=44 method=fixed_domain round=15/30 full_test=0.0663 seconds=1.53
seed=44 method=fixed_domain round=16/30 full_test=0.0668 seconds=1.64
seed=44 method=fixed_domain round=17/30 full_test=0.0690 seconds=1.54
seed=44 method=fixed_domain round=18/30 full_test=0.0718 seconds=1.61
seed=44 method=fixed_domain round=19/30 full_test=0.0745 seconds=1.52
seed=44 method=fixed_domain round=20/30 full_test=0.0757 seconds=1.94
seed=44 method=fixed_domain round=21/30 full_test=0.0772 seconds=1.66
seed=44 method=fixed_domain round=22/30 full_test=0.0766 seconds=1.79
seed=44 method=fixed_domain round=23/30 full_test=0.0795 seconds=1.60
seed=44 method=fixed_domain round=24/30 full_test=0.0811 seconds=1.58
seed=44 method=fixed_domain round=25/30 full_test=0.0842 seconds=1.60
seed=44 method=fixed_domain round=26/30 full_test=0.0836 seconds=1.57
seed=44 method=fixed_domain round=27/30 full_test=0.0848 seconds=1.61
seed=44 method=fixed_domain round=28/30 full_test=0.0870 seconds=1.63
seed=44 method=fixed_domain round=29/30 full_test=0.0874 seconds=1.62
seed=44 method=fixed_domain round=30/30 full_test=0.0847 seconds=1.58
seed=44 method=adaptive_quality round=1/30 full_test=0.0063 seconds=1.23
seed=44 method=adaptive_quality round=2/30 full_test=0.0103 seconds=1.29
seed=44 method=adaptive_quality round=3/30 full_test=0.0181 seconds=1.28
seed=44 method=adaptive_quality round=4/30 full_test=0.0240 seconds=1.41
seed=44 method=adaptive_quality round=5/30 full_test=0.0283 seconds=1.30
seed=44 method=adaptive_quality round=6/30 full_test=0.0282 seconds=1.38
seed=44 method=adaptive_quality round=7/30 full_test=0.0311 seconds=1.30
seed=44 method=adaptive_quality round=8/30 full_test=0.0319 seconds=1.27
seed=44 method=adaptive_quality round=9/30 full_test=0.0299 seconds=1.28
seed=44 method=adaptive_quality round=10/30 full_test=0.0293 seconds=1.36
seed=44 method=adaptive_quality round=11/30 full_test=0.0304 seconds=1.32
seed=44 method=adaptive_quality round=12/30 full_test=0.0318 seconds=1.28
seed=44 method=adaptive_quality round=13/30 full_test=0.0363 seconds=1.28
seed=44 method=adaptive_quality round=14/30 full_test=0.0390 seconds=1.29
seed=44 method=adaptive_quality round=15/30 full_test=0.0395 seconds=1.32
seed=44 method=adaptive_quality round=16/30 full_test=0.0426 seconds=1.21
seed=44 method=adaptive_quality round=17/30 full_test=0.0434 seconds=1.36
seed=44 method=adaptive_quality round=18/30 full_test=0.0473 seconds=1.29
seed=44 method=adaptive_quality round=19/30 full_test=0.0460 seconds=1.31
seed=44 method=adaptive_quality round=20/30 full_test=0.0477 seconds=1.36
seed=44 method=adaptive_quality round=21/30 full_test=0.0481 seconds=1.34
seed=44 method=adaptive_quality round=22/30 full_test=0.0490 seconds=1.31
seed=44 method=adaptive_quality round=23/30 full_test=0.0483 seconds=1.31
seed=44 method=adaptive_quality round=24/30 full_test=0.0503 seconds=1.21
seed=44 method=adaptive_quality round=25/30 full_test=0.0516 seconds=1.21
seed=44 method=adaptive_quality round=26/30 full_test=0.0503 seconds=1.25
seed=44 method=adaptive_quality round=27/30 full_test=0.0499 seconds=1.21
seed=44 method=adaptive_quality round=28/30 full_test=0.0511 seconds=1.28
seed=44 method=adaptive_quality round=29/30 full_test=0.0510 seconds=1.30
seed=44 method=adaptive_quality round=30/30 full_test=0.0490 seconds=1.24
seed=44 method=adaptive_domain round=1/30 full_test=0.0073 seconds=1.64
seed=44 method=adaptive_domain round=2/30 full_test=0.0100 seconds=1.59
seed=44 method=adaptive_domain round=3/30 full_test=0.0181 seconds=1.67
seed=44 method=adaptive_domain round=4/30 full_test=0.0239 seconds=1.74
seed=44 method=adaptive_domain round=5/30 full_test=0.0293 seconds=1.81
seed=44 method=adaptive_domain round=6/30 full_test=0.0303 seconds=1.73
seed=44 method=adaptive_domain round=7/30 full_test=0.0323 seconds=1.73
seed=44 method=adaptive_domain round=8/30 full_test=0.0316 seconds=1.60
seed=44 method=adaptive_domain round=9/30 full_test=0.0305 seconds=1.62
seed=44 method=adaptive_domain round=10/30 full_test=0.0305 seconds=1.90
seed=44 method=adaptive_domain round=11/30 full_test=0.0310 seconds=1.67
seed=44 method=adaptive_domain round=12/30 full_test=0.0316 seconds=1.77
seed=44 method=adaptive_domain round=13/30 full_test=0.0353 seconds=1.60
seed=44 method=adaptive_domain round=14/30 full_test=0.0358 seconds=1.77
seed=44 method=adaptive_domain round=15/30 full_test=0.0367 seconds=1.76
seed=44 method=adaptive_domain round=16/30 full_test=0.0406 seconds=1.70
seed=44 method=adaptive_domain round=17/30 full_test=0.0421 seconds=1.69
seed=44 method=adaptive_domain round=18/30 full_test=0.0431 seconds=1.67
seed=44 method=adaptive_domain round=19/30 full_test=0.0440 seconds=1.72
seed=44 method=adaptive_domain round=20/30 full_test=0.0445 seconds=1.67
seed=44 method=adaptive_domain round=21/30 full_test=0.0464 seconds=1.60
seed=44 method=adaptive_domain round=22/30 full_test=0.0457 seconds=1.59
seed=44 method=adaptive_domain round=23/30 full_test=0.0482 seconds=1.53
seed=44 method=adaptive_domain round=24/30 full_test=0.0489 seconds=1.86
seed=44 method=adaptive_domain round=25/30 full_test=0.0483 seconds=1.64
seed=44 method=adaptive_domain round=26/30 full_test=0.0480 seconds=1.86
seed=44 method=adaptive_domain round=27/30 full_test=0.0483 seconds=1.82
seed=44 method=adaptive_domain round=28/30 full_test=0.0487 seconds=1.84
seed=44 method=adaptive_domain round=29/30 full_test=0.0495 seconds=1.67
seed=44 method=adaptive_domain round=30/30 full_test=0.0507 seconds=1.64
