{"audio_backends": ["soundfile"], "cuda": true, "portalocker": "2.10.1", "soundfile": "0.12.1", "torch": "2.3.0+cu121", "torchaudio": "2.3.0+cu121", "torchdata": "0.8.0+cpu", "torchtext": "0.18.0+cpu", "type": "environment", "visible_devices": "1"}
{"cache_location": "/home/gogoi/ahlora-data/cifar-10-batches-py", "cache_status": "present", "class_count": 10, "data_root": "/home/gogoi/ahlora-data", "dataset_type": "image", "dataset_version": "CIFAR-10 python archive", "display_name": "CIFAR-10", "download_requested": false, "download_status": "disabled_cache_hit", "expected_class_count": 10, "expected_test_sample_count": 10000, "expected_train_sample_count": 50000, "first_example_shape": [3, 32, 32], "first_label": 6, "labels": 50000, "load_seconds": 1.4141202447935939, "name": "cifar10", "sample_count": 60000, "source_library": "torchvision.datasets.CIFAR10", "synthetic": false, "task": "CIFAR-CNN", "test_sample_count": 10000, "train_sample_count": 50000, "type": "dataset", "vocabulary_provenance": null}
{"cache_location": "/home/gogoi/ahlora-data/FashionMNIST/raw", "cache_status": "present", "class_count": 10, "data_root": "/home/gogoi/ahlora-data", "dataset_type": "image", "dataset_version": "FashionMNIST raw IDX archive", "display_name": "FashionMNIST", "download_requested": false, "download_status": "disabled_cache_hit", "expected_class_count": 10, "expected_test_sample_count": 10000, "expected_train_sample_count": 60000, "first_example_shape": [1, 28, 28], "first_label": 9, "labels": 60000, "load_seconds": 0.09454020392149687, "name": "fashion_mnist", "sample_count": 70000, "source_library": "torchvision.datasets.FashionMNIST", "synthetic": false, "task": "Fashion-MLP", "test_sample_count": 10000, "train_sample_count": 60000, "type": "dataset", "vocabulary_provenance": null}
/home/gogoi/ahlora-venv/lib/python3.10/site-packages/torchtext/datasets/__init__.py:4: UserWarning: 
/!\ IMPORTANT WARNING ABOUT TORCHTEXT STATUS /!\ 
Torchtext is deprecated and the last released version will be 0.18 (this one). You can silence this warning by calling the following at the beginnign of your scripts: `import torchtext; torchtext.disable_torchtext_deprecation_warning()`
  warnings.warn(torchtext._TORCHTEXT_DEPRECATION_MSG)
/home/gogoi/ahlora-venv/lib/python3.10/site-packages/torchtext/data/__init__.py:4: UserWarning: 
/!\ IMPORTANT WARNING ABOUT TORCHTEXT STATUS /!\ 
Torchtext is deprecated and the last released version will be 0.18 (this one). You can silence this warning by calling the following at the beginnign of your scripts: `import torchtext; torchtext.disable_torchtext_deprecation_warning()`
  warnings.warn(torchtext._TORCHTEXT_DEPRECATION_MSG)
/home/gogoi/ahlora-venv/lib/python3.10/site-packages/torchtext/vocab/__init__.py:4: UserWarning: 
/!\ IMPORTANT WARNING ABOUT TORCHTEXT STATUS /!\ 
Torchtext is deprecated and the last released version will be 0.18 (this one). You can silence this warning by calling the following at the beginnign of your scripts: `import torchtext; torchtext.disable_torchtext_deprecation_warning()`
  warnings.warn(torchtext._TORCHTEXT_DEPRECATION_MSG)
/home/gogoi/ahlora-venv/lib/python3.10/site-packages/torchtext/utils.py:4: UserWarning: 
/!\ IMPORTANT WARNING ABOUT TORCHTEXT STATUS /!\ 
Torchtext is deprecated and the last released version will be 0.18 (this one). You can silence this warning by calling the following at the beginnign of your scripts: `import torchtext; torchtext.disable_torchtext_deprecation_warning()`
  warnings.warn(torchtext._TORCHTEXT_DEPRECATION_MSG)
/home/gogoi/ahlora-venv/lib/python3.10/site-packages/torchdata/datapipes/__init__.py:18: UserWarning: 
################################################################################
WARNING!
The 'datapipes', 'dataloader2' modules are deprecated and will be removed in a
future torchdata release! Please see https://github.com/pytorch/data/issues/1196
to learn more and leave feedback.
################################################################################

  deprecation_warning()
{"cache_location": "/home/gogoi/ahlora-data/datasets/AG_NEWS", "cache_status": "present", "class_count": 4, "data_root": "/home/gogoi/ahlora-data", "dataset_type": "text", "dataset_version": "AG_NEWS torchtext CSV archive", "display_name": "AG News", "download_requested": false, "download_status": "disabled_cache_hit", "expected_class_count": 4, "expected_test_sample_count": 7600, "expected_train_sample_count": 120000, "first_example_shape": [64], "first_label": 2, "labels": 120000, "load_seconds": 11.573929500766098, "name": "ag_news", "sample_count": 127600, "source_library": "torchtext.datasets.AG_NEWS", "synthetic": false, "task": "AGNews-LSTM", "test_sample_count": 7600, "train_sample_count": 120000, "type": "dataset", "vocabulary_provenance": {"dataset": "AG News", "max_tokens": 10000, "pad_index": 0, "source_split": "train", "specials": ["<pad>", "<unk>"], "tokenizer": "basic_english", "unk_index": 1, "vocab_size": 10000}}
{"cache_location": "/home/gogoi/ahlora-data/heart.csv", "cache_status": "present", "class_count": 2, "data_root": "/home/gogoi/ahlora-data", "dataset_type": "tabular", "dataset_version": "processed.cleveland.data", "display_name": "UCI Heart Disease", "download_requested": false, "download_status": "disabled_cache_hit", "expected_class_count": 2, "expected_test_sample_count": 60, "expected_train_sample_count": 237, "first_example_shape": [13], "first_label": 0, "labels": 237, "load_seconds": 0.3169468501582742, "name": "uci_heart_disease", "sample_count": 297, "source_library": "UCI processed.cleveland.data", "synthetic": false, "task": "Tabular-MLP", "test_sample_count": 60, "train_sample_count": 237, "type": "dataset", "vocabulary_provenance": null}
{"cache_location": "/home/gogoi/ahlora-data/SpeechCommands/speech_commands_v0.02", "cache_status": "present", "class_count": 35, "data_root": "/home/gogoi/ahlora-data", "dataset_type": "audio", "dataset_version": "speech_commands_v0.02 or cached torchaudio default", "display_name": "SpeechCommands", "download_requested": false, "download_status": "disabled_cache_hit", "expected_class_count": 35, "expected_test_sample_count": null, "expected_train_sample_count": null, "first_example_shape": [1, 16000], "first_label": 0, "labels": 84843, "load_seconds": 2.212720414623618, "name": "speech_commands", "sample_count": 94824, "source_library": "torchaudio.datasets.SPEECHCOMMANDS", "synthetic": false, "task": "Audio-1DCNN", "test_sample_count": 9981, "train_sample_count": 84843, "type": "dataset", "vocabulary_provenance": null}
{"type": "preflight_complete", "tasks": ["CIFAR-CNN", "Fashion-MLP", "AGNews-LSTM", "Tabular-MLP", "Audio-1DCNN"]}
