seed=42 method=local stage=2 signature=spectral_baseline ARI=-0.1200 NMI=0.3212
seed=42 method=local stage=2 signature=row_norms ARI=1.0000 NMI=1.0000
seed=42 method=local stage=2 signature=inverse_delta_l2 ARI=-0.0316 NMI=0.3442
seed=42 method=local stage=5 signature=spectral_baseline ARI=-0.0744 NMI=0.3409
seed=42 method=local stage=5 signature=row_norms ARI=1.0000 NMI=1.0000
seed=42 method=local stage=5 signature=inverse_delta_l2 ARI=0.3396 NMI=0.7128
seed=42 method=local stage=10 signature=spectral_baseline ARI=0.0766 NMI=0.4498
seed=42 method=local stage=10 signature=row_norms ARI=0.1220 NMI=0.5192
seed=42 method=local stage=10 signature=inverse_delta_l2 ARI=0.6419 NMI=0.8682
seed=42 method=local stage=20 signature=spectral_baseline ARI=0.1026 NMI=0.5100
seed=42 method=local stage=20 signature=row_norms ARI=0.0053 NMI=0.3714
seed=42 method=local stage=20 signature=inverse_delta_l2 ARI=0.6419 NMI=0.8682
seed=42 method=mh stage=2 signature=spectral_baseline ARI=-0.1128 NMI=0.3428
seed=42 method=mh stage=2 signature=row_norms ARI=0.2632 NMI=0.5703
seed=42 method=mh stage=2 signature=inverse_delta_l2 ARI=0.0421 NMI=0.4681
seed=42 method=mh stage=5 signature=spectral_baseline ARI=0.0308 NMI=0.4599
seed=42 method=mh stage=5 signature=row_norms ARI=0.1158 NMI=0.5263
seed=42 method=mh stage=5 signature=inverse_delta_l2 ARI=0.1026 NMI=0.5185
seed=42 method=mh stage=10 signature=spectral_baseline ARI=-0.0316 NMI=0.4099
seed=42 method=mh stage=10 signature=row_norms ARI=0.2146 NMI=0.5731
seed=42 method=mh stage=10 signature=inverse_delta_l2 ARI=0.1026 NMI=0.4820
seed=42 method=mh stage=20 signature=spectral_baseline ARI=0.0421 NMI=0.4681
seed=42 method=mh stage=20 signature=row_norms ARI=0.1744 NMI=0.5406
seed=42 method=mh stage=20 signature=inverse_delta_l2 ARI=0.0308 NMI=0.4511
seed=43 method=local stage=2 signature=spectral_baseline ARI=0.0766 NMI=0.4668
seed=43 method=local stage=2 signature=row_norms ARI=1.0000 NMI=1.0000
seed=43 method=local stage=2 signature=inverse_delta_l2 ARI=0.3149 NMI=0.6746
seed=43 method=local stage=5 signature=spectral_baseline ARI=-0.0426 NMI=0.3821
seed=43 method=local stage=5 signature=row_norms ARI=0.4000 NMI=0.7168
seed=43 method=local stage=5 signature=inverse_delta_l2 ARI=0.1015 NMI=0.5195
seed=43 method=local stage=10 signature=spectral_baseline ARI=0.1091 NMI=0.4877
seed=43 method=local stage=10 signature=row_norms ARI=0.0597 NMI=0.4507
seed=43 method=local stage=10 signature=inverse_delta_l2 ARI=0.0789 NMI=0.4709
seed=43 method=local stage=20 signature=spectral_baseline ARI=0.1744 NMI=0.5322
seed=43 method=local stage=20 signature=row_norms ARI=-0.0316 NMI=0.3442
seed=43 method=local stage=20 signature=inverse_delta_l2 ARI=0.2644 NMI=0.6753
seed=43 method=mh stage=2 signature=spectral_baseline ARI=-0.0182 NMI=0.4041
seed=43 method=mh stage=2 signature=row_norms ARI=0.2512 NMI=0.6193
seed=43 method=mh stage=2 signature=inverse_delta_l2 ARI=0.1209 NMI=0.4988
seed=43 method=mh stage=5 signature=spectral_baseline ARI=-0.0500 NMI=0.3898
seed=43 method=mh stage=5 signature=row_norms ARI=0.1895 NMI=0.5483
seed=43 method=mh stage=5 signature=inverse_delta_l2 ARI=0.1026 NMI=0.5185
seed=43 method=mh stage=10 signature=spectral_baseline ARI=0.0308 NMI=0.4599
seed=43 method=mh stage=10 signature=row_norms ARI=0.1895 NMI=0.5483
seed=43 method=mh stage=10 signature=inverse_delta_l2 ARI=0.1600 NMI=0.5300
seed=43 method=mh stage=20 signature=spectral_baseline ARI=-0.1021 NMI=0.3019
seed=43 method=mh stage=20 signature=row_norms ARI=0.3163 NMI=0.6420
seed=43 method=mh stage=20 signature=inverse_delta_l2 ARI=0.2462 NMI=0.5911
seed=44 method=local stage=2 signature=spectral_baseline ARI=0.1362 NMI=0.4900
seed=44 method=local stage=2 signature=row_norms ARI=1.0000 NMI=1.0000
seed=44 method=local stage=2 signature=inverse_delta_l2 ARI=0.1600 NMI=0.5671
seed=44 method=local stage=5 signature=spectral_baseline ARI=0.2146 NMI=0.5731
seed=44 method=local stage=5 signature=row_norms ARI=0.4000 NMI=0.7168
seed=44 method=local stage=5 signature=inverse_delta_l2 ARI=0.0421 NMI=0.3987
seed=44 method=local stage=10 signature=spectral_baseline ARI=0.1957 NMI=0.5898
seed=44 method=local stage=10 signature=row_norms ARI=0.0179 NMI=0.4248
seed=44 method=local stage=10 signature=inverse_delta_l2 ARI=0.1015 NMI=0.5195
seed=44 method=local stage=20 signature=spectral_baseline ARI=0.0780 NMI=0.4910
seed=44 method=local stage=20 signature=row_norms ARI=0.0789 NMI=0.4709
seed=44 method=local stage=20 signature=inverse_delta_l2 ARI=0.2868 NMI=0.6490
seed=44 method=mh stage=2 signature=spectral_baseline ARI=-0.0585 NMI=0.3717
seed=44 method=mh stage=2 signature=row_norms ARI=0.1714 NMI=0.5233
seed=44 method=mh stage=2 signature=inverse_delta_l2 ARI=0.2146 NMI=0.5731
seed=44 method=mh stage=5 signature=spectral_baseline ARI=-0.1200 NMI=0.3243
seed=44 method=mh stage=5 signature=row_norms ARI=0.0667 NMI=0.4561
seed=44 method=mh stage=5 signature=inverse_delta_l2 ARI=0.2054 NMI=0.5586
seed=44 method=mh stage=10 signature=spectral_baseline ARI=-0.1789 NMI=0.2934
seed=44 method=mh stage=10 signature=row_norms ARI=0.0780 NMI=0.4910
seed=44 method=mh stage=10 signature=inverse_delta_l2 ARI=0.0667 NMI=0.4561
seed=44 method=mh stage=20 signature=spectral_baseline ARI=-0.1200 NMI=0.3308
seed=44 method=mh stage=20 signature=row_norms ARI=0.1158 NMI=0.5263
seed=44 method=mh stage=20 signature=inverse_delta_l2 ARI=0.1026 NMI=0.4820
