verified full-v1-equal-declora16-seed42
verified full-v1-quantity-adaptive_sample-seed42
verified full-v1-quantity-adaptive_sample-seed43
verified full-v1-quantity-adaptive_sample-seed44
verified full-v1-quantity-adaptive_sample-seed45
verified full-v1-quantity-adaptive_sample-seed46
verified full-v1-quantity-adaptive_uniform-seed42
verified full-v1-quantity-adaptive_uniform-seed43
verified full-v1-quantity-adaptive_uniform-seed44
verified full-v1-quantity-adaptive_uniform-seed45
verified full-v1-quantity-adaptive_uniform-seed46
verified full-v1-quantity-declora16-seed42
verified full-v1-quantity-declora16-seed43
verified full-v1-quantity-declora16-seed44
verified full-v1-quantity-declora16-seed45
verified full-v1-quantity-declora16-seed46
verified full-v1-quantity-declora4-seed42
verified full-v1-quantity-declora4-seed43
verified full-v1-quantity-declora4-seed44
verified full-v1-quantity-declora4-seed45
verified full-v1-quantity-declora4-seed46
verified full-v1-quantity-fixed_sample-seed42
verified full-v1-quantity-fixed_sample-seed43
verified full-v1-quantity-fixed_sample-seed44
verified full-v1-quantity-fixed_sample-seed45
verified full-v1-quantity-fixed_sample-seed46
verified full-v1-quantity-fixed_uniform-seed42
verified full-v1-quantity-fixed_uniform-seed43
verified full-v1-quantity-fixed_uniform-seed44
verified full-v1-quantity-fixed_uniform-seed45
verified full-v1-quantity-fixed_uniform-seed46
verified full-v1-quantity-product16_sample-seed42
verified full-v1-quantity-product16_sample-seed43
verified full-v1-quantity-product16_sample-seed44
verified full-v1-quantity-product16_sample-seed45
verified full-v1-quantity-product16_sample-seed46
{"status": "passed", "output": "/home/gogoi/ahlora-quantity-20260917/final-audit", "full_runs": 36, "inference_audits": 72}
